  Determining projects to restore...
  Restored D:\copilot-worktrees\EssentialCSharp.Web\benjaminmichaelis-psychic-memory\EssentialCSharp.Chat\EssentialCSharp.Chat.csproj (in 466 ms).
  Restored D:\copilot-worktrees\EssentialCSharp.Web\benjaminmichaelis-psychic-memory\EssentialCSharp.Chat.Shared\EssentialCSharp.Chat.Common.csproj (in 466 ms).
  Restored D:\copilot-worktrees\EssentialCSharp.Web\benjaminmichaelis-psychic-memory\EssentialCSharp.Chat.Tests\EssentialCSharp.Chat.Tests.csproj (in 498 ms).
  Restored D:\copilot-worktrees\EssentialCSharp.Web\benjaminmichaelis-psychic-memory\EssentialCSharp.Web.Tests\EssentialCSharp.Web.Tests.csproj (in 981 ms).
  Restored D:\copilot-worktrees\EssentialCSharp.Web\benjaminmichaelis-psychic-memory\EssentialCSharp.Web\EssentialCSharp.Web.csproj (in 981 ms).
D:\copilot-worktrees\EssentialCSharp.Web\benjaminmichaelis-psychic-memory\EssentialCSharp.Chat.Shared\Extensions\ServiceCollectionExtensions.cs(102,80): error CS0117: 'RetryOptions' does not contain a definition for 'SectionName' [D:\copilot-worktrees\EssentialCSharp.Web\benjaminmichaelis-psychic-memory\EssentialCSharp.Chat.Shared\EssentialCSharp.Chat.Common.csproj]
D:\copilot-worktrees\EssentialCSharp.Web\benjaminmichaelis-psychic-memory\EssentialCSharp.Chat.Shared\Services\EmbeddingService.cs(130,25): error CA1848: For improved performance, use the LoggerMessage delegates instead of calling 'LoggerExtensions.LogWarning(ILogger, string?, params object?[])' (https://learn.microsoft.com/dotnet/fundamentals/code-analysis/quality-rules/ca1848) [D:\copilot-worktrees\EssentialCSharp.Web\benjaminmichaelis-psychic-memory\EssentialCSharp.Chat.Shared\EssentialCSharp.Chat.Common.csproj]
D:\copilot-worktrees\EssentialCSharp.Web\benjaminmichaelis-psychic-memory\EssentialCSharp.Chat.Shared\Services\EmbeddingService.cs(141,25): error CA1848: For improved performance, use the LoggerMessage delegates instead of calling 'LoggerExtensions.LogError(ILogger, Exception?, string?, params object?[])' (https://learn.microsoft.com/dotnet/fundamentals/code-analysis/quality-rules/ca1848) [D:\copilot-worktrees\EssentialCSharp.Web\benjaminmichaelis-psychic-memory\EssentialCSharp.Chat.Shared\EssentialCSharp.Chat.Common.csproj]
D:\copilot-worktrees\EssentialCSharp.Web\benjaminmichaelis-psychic-memory\EssentialCSharp.Chat.Shared\Services\EmbeddingService.cs(149,17): error CA1848: For improved performance, use the LoggerMessage delegates instead of calling 'LoggerExtensions.LogError(ILogger, Exception?, string?, params object?[])' (https://learn.microsoft.com/dotnet/fundamentals/code-analysis/quality-rules/ca1848) [D:\copilot-worktrees\EssentialCSharp.Web\benjaminmichaelis-psychic-memory\EssentialCSharp.Chat.Shared\EssentialCSharp.Chat.Common.csproj]

Build FAILED.

D:\copilot-worktrees\EssentialCSharp.Web\benjaminmichaelis-psychic-memory\EssentialCSharp.Chat.Shared\Extensions\ServiceCollectionExtensions.cs(102,80): error CS0117: 'RetryOptions' does not contain a definition for 'SectionName' [D:\copilot-worktrees\EssentialCSharp.Web\benjaminmichaelis-psychic-memory\EssentialCSharp.Chat.Shared\EssentialCSharp.Chat.Common.csproj]
D:\copilot-worktrees\EssentialCSharp.Web\benjaminmichaelis-psychic-memory\EssentialCSharp.Chat.Shared\Services\EmbeddingService.cs(130,25): error CA1848: For improved performance, use the LoggerMessage delegates instead of calling 'LoggerExtensions.LogWarning(ILogger, string?, params object?[])' (https://learn.microsoft.com/dotnet/fundamentals/code-analysis/quality-rules/ca1848) [D:\copilot-worktrees\EssentialCSharp.Web\benjaminmichaelis-psychic-memory\EssentialCSharp.Chat.Shared\EssentialCSharp.Chat.Common.csproj]
D:\copilot-worktrees\EssentialCSharp.Web\benjaminmichaelis-psychic-memory\EssentialCSharp.Chat.Shared\Services\EmbeddingService.cs(141,25): error CA1848: For improved performance, use the LoggerMessage delegates instead of calling 'LoggerExtensions.LogError(ILogger, Exception?, string?, params object?[])' (https://learn.microsoft.com/dotnet/fundamentals/code-analysis/quality-rules/ca1848) [D:\copilot-worktrees\EssentialCSharp.Web\benjaminmichaelis-psychic-memory\EssentialCSharp.Chat.Shared\EssentialCSharp.Chat.Common.csproj]
D:\copilot-worktrees\EssentialCSharp.Web\benjaminmichaelis-psychic-memory\EssentialCSharp.Chat.Shared\Services\EmbeddingService.cs(149,17): error CA1848: For improved performance, use the LoggerMessage delegates instead of calling 'LoggerExtensions.LogError(ILogger, Exception?, string?, params object?[])' (https://learn.microsoft.com/dotnet/fundamentals/code-analysis/quality-rules/ca1848) [D:\copilot-worktrees\EssentialCSharp.Web\benjaminmichaelis-psychic-memory\EssentialCSharp.Chat.Shared\EssentialCSharp.Chat.Common.csproj]
    0 Warning(s)
    4 Error(s)

Time Elapsed 00:00:45.44
